This is pdfTeX, Version 3.141592653-2.6-1.40.26 (TeX Live 2025/dev/Debian) (preloaded format=pdflatex 2026.2.6)  1 AUG 2026 22:09
entering extended mode
 restricted \write18 enabled.
 %&-line parsing enabled.
**SST_CANON-v0.8.35.tex
(./SST_CANON-v0.8.35.tex
LaTeX2e <2024-11-01> patch level 2
L3 programming layer <2025-01-18>
(/usr/share/texlive/texmf-dist/tex/latex/base/article.cls
Document Class: article 2024/06/29 v1.4n Standard LaTeX document class
(/usr/share/texlive/texmf-dist/tex/latex/base/size11.clo
File: size11.clo 2024/06/29 v1.4n Standard LaTeX file (size option)
)
\c@part=\count196
\c@section=\count197
\c@subsection=\count198
\c@subsubsection=\count199
\c@paragraph=\count266
\c@subparagraph=\count267
\c@figure=\count268
\c@table=\count269
\abovecaptionskip=\skip49
\belowcaptionskip=\skip50
\bibindent=\dimen141
)
(/usr/share/texlive/texmf-dist/tex/latex/amsmath/amsmath.sty
Package: amsmath 2024/11/05 v2.17t AMS math features
\@mathmargin=\skip51

For additional information on amsmath, use the `?' option.
(/usr/share/texlive/texmf-dist/tex/latex/amsmath/amstext.sty
Package: amstext 2021/08/26 v2.01 AMS text

(/usr/share/texlive/texmf-dist/tex/latex/amsmath/amsgen.sty
File: amsgen.sty 1999/11/30 v2.0 generic functions
\@emptytoks=\toks17
\ex@=\dimen142
))
(/usr/share/texlive/texmf-dist/tex/latex/amsmath/amsbsy.sty
Package: amsbsy 1999/11/29 v1.2d Bold Symbols
\pmbraise@=\dimen143
)
(/usr/share/texlive/texmf-dist/tex/latex/amsmath/amsopn.sty
Package: amsopn 2022/04/08 v2.04 operator names
)
\inf@bad=\count270
LaTeX Info: Redefining \frac on input line 233.
\uproot@=\count271
\leftroot@=\count272
LaTeX Info: Redefining \overline on input line 398.
LaTeX Info: Redefining \colon on input line 409.
\classnum@=\count273
\DOTSCASE@=\count274
LaTeX Info: Redefining \ldots on input line 495.
LaTeX Info: Redefining \dots on input line 498.
LaTeX Info: Redefining \cdots on input line 619.
\Mathstrutbox@=\box52
\strutbox@=\box53
LaTeX Info: Redefining \big on input line 721.
LaTeX Info: Redefining \Big on input line 722.
LaTeX Info: Redefining \bigg on input line 723.
LaTeX Info: Redefining \Bigg on input line 724.
\big@size=\dimen144
LaTeX Font Info:    Redeclaring font encoding OML on input line 742.
LaTeX Font Info:    Redeclaring font encoding OMS on input line 743.
\macc@depth=\count275
LaTeX Info: Redefining \bmod on input line 904.
LaTeX Info: Redefining \pmod on input line 909.
LaTeX Info: Redefining \smash on input line 939.
LaTeX Info: Redefining \relbar on input line 969.
LaTeX Info: Redefining \Relbar on input line 970.
\c@MaxMatrixCols=\count276
\dotsspace@=\muskip17
\c@parentequation=\count277
\dspbrk@lvl=\count278
\tag@help=\toks18
\row@=\count279
\column@=\count280
\maxfields@=\count281
\andhelp@=\toks19
\eqnshift@=\dimen145
\alignsep@=\dimen146
\tagshift@=\dimen147
\tagwidth@=\dimen148
\totwidth@=\dimen149
\lineht@=\dimen150
\@envbody=\toks20
\multlinegap=\skip52
\multlinetaggap=\skip53
\mathdisplay@stack=\toks21
LaTeX Info: Redefining \[ on input line 2953.
LaTeX Info: Redefining \] on input line 2954.
)
(/usr/share/texlive/texmf-dist/tex/latex/amsfonts/amssymb.sty
Package: amssymb 2013/01/14 v3.01 AMS font symbols

(/usr/share/texlive/texmf-dist/tex/latex/amsfonts/amsfonts.sty
Package: amsfonts 2013/01/14 v3.01 Basic AMSFonts support
\symAMSa=\mathgroup4
\symAMSb=\mathgroup5
LaTeX Font Info:    Redeclaring math symbol \hbar on input line 98.
LaTeX Font Info:    Overwriting math alphabet `\mathfrak' in version `bold'
(Font)                  U/euf/m/n --> U/euf/b/n on input line 106.
))
(/usr/share/texlive/texmf-dist/tex/latex/tools/bm.sty
Package: bm 2023/12/19 v1.2f Bold Symbol Support (DPC/FMi)
\symboldoperators=\mathgroup6
\symboldletters=\mathgroup7
\symboldsymbols=\mathgroup8
Package bm Info: No bold for \OMX/cmex/m/n, using \pmb.
Package bm Info: No bold for \U/msa/m/n, using \pmb.
Package bm Info: No bold for \U/msb/m/n, using \pmb.
LaTeX Font Info:    Redeclaring math alphabet \mathbf on input line 149.
)
(/usr/share/texlive/texmf-dist/tex/latex/amscls/amsthm.sty
Package: amsthm 2020/05/29 v2.20.6
\thm@style=\toks22
\thm@bodyfont=\toks23
\thm@headfont=\toks24
\thm@notefont=\toks25
\thm@headpunct=\toks26
\thm@preskip=\skip54
\thm@postskip=\skip55
\thm@headsep=\skip56
\dth@everypar=\toks27
)
(/usr/share/texlive/texmf-dist/tex/latex/jknapltx/mathrsfs.sty
Package: mathrsfs 1996/01/01 Math RSFS package v1.0 (jk)
\symrsfs=\mathgroup9
)
(/usr/share/texlive/texmf-dist/tex/latex/siunitx/siunitx.sty
Package: siunitx 2025-02-27 v3.4.6 A comprehensive (SI) units package
\l__siunitx_number_uncert_offset_int=\count282
\l__siunitx_number_exponent_fixed_int=\count283
\l__siunitx_number_min_decimal_int=\count284
\l__siunitx_number_min_integer_int=\count285
\l__siunitx_number_round_precision_int=\count286
\l__siunitx_number_lower_threshold_int=\count287
\l__siunitx_number_upper_threshold_int=\count288
\l__siunitx_number_group_first_int=\count289
\l__siunitx_number_group_size_int=\count290
\l__siunitx_number_group_minimum_int=\count291
\l__siunitx_angle_tmp_dim=\dimen151
\l__siunitx_angle_marker_box=\box54
\l__siunitx_angle_unit_box=\box55
\l__siunitx_compound_count_int=\count292

(/usr/share/texlive/texmf-dist/tex/latex/translations/translations.sty
Package: translations 2022/02/05 v1.12 internationalization of LaTeX2e packages
 (CN)

(/usr/share/texlive/texmf-dist/tex/latex/etoolbox/etoolbox.sty
Package: etoolbox 2025/02/11 v2.5l e-TeX tools for LaTeX (JAW)
\etb@tempcnta=\count293
)
(/usr/share/texlive/texmf-dist/tex/generic/pdftexcmds/pdftexcmds.sty
Package: pdftexcmds 2020-06-27 v0.33 Utility functions of pdfTeX for LuaTeX (HO
)

(/usr/share/texlive/texmf-dist/tex/generic/infwarerr/infwarerr.sty
Package: infwarerr 2019/12/03 v1.5 Providing info/warning/error messages (HO)
)
(/usr/share/texlive/texmf-dist/tex/generic/iftex/iftex.sty
Package: iftex 2024/12/12 v1.0g TeX engine tests
)
(/usr/share/texlive/texmf-dist/tex/generic/ltxcmds/ltxcmds.sty
Package: ltxcmds 2023-12-04 v1.26 LaTeX kernel commands for general use (HO)
)
Package pdftexcmds Info: \pdf@primitive is available.
Package pdftexcmds Info: \pdf@ifprimitive is available.
Package pdftexcmds Info: \pdfdraftmode found.
))
\l__siunitx_table_tmp_box=\box56
\l__siunitx_table_tmp_dim=\dimen152
\l__siunitx_table_column_width_dim=\dimen153
\l__siunitx_table_integer_box=\box57
\l__siunitx_table_decimal_box=\box58
\l__siunitx_table_uncert_box=\box59
\l__siunitx_table_before_box=\box60
\l__siunitx_table_after_box=\box61
\l__siunitx_table_before_dim=\dimen154
\l__siunitx_table_carry_dim=\dimen155
\l__siunitx_unit_tmp_int=\count294
\l__siunitx_unit_position_int=\count295
\l__siunitx_unit_total_int=\count296

(/usr/share/texlive/texmf-dist/tex/latex/tools/array.sty
Package: array 2024/10/17 v2.6g Tabular extension package (FMi)
\col@sep=\dimen156
\ar@mcellbox=\box62
\extrarowheight=\dimen157
\NC@list=\toks28
\extratabsurround=\skip57
\backup@length=\skip58
\ar@cellbox=\box63
))
(/usr/share/texlive/texmf-dist/tex/latex/geometry/geometry.sty
Package: geometry 2020/01/02 v5.9 Page Geometry

(/usr/share/texlive/texmf-dist/tex/latex/graphics/keyval.sty
Package: keyval 2022/05/29 v1.15 key=value parser (DPC)
\KV@toks@=\toks29
)
(/usr/share/texlive/texmf-dist/tex/generic/iftex/ifvtex.sty
Package: ifvtex 2019/10/25 v1.7 ifvtex legacy package. Use iftex instead.
)
\Gm@cnth=\count297
\Gm@cntv=\count298
\c@Gm@tempcnt=\count299
\Gm@bindingoffset=\dimen158
\Gm@wd@mp=\dimen159
\Gm@odd@mp=\dimen160
\Gm@even@mp=\dimen161
\Gm@layoutwidth=\dimen162
\Gm@layoutheight=\dimen163
\Gm@layouthoffset=\dimen164
\Gm@layoutvoffset=\dimen165
\Gm@dimlist=\toks30
)
(/usr/share/texlive/texmf-dist/tex/latex/textpos/textpos.sty
Package: textpos 2022/07/23 v1.10.1
Package textpos Info: choosing support for LaTeX3 on input line 60.
\TP@textbox=\box64
\TP@holdbox=\box65
\TPHorizModule=\dimen166
\TPVertModule=\dimen167
\TP@margin=\dimen168
\TP@absmargin=\dimen169

Grid set 16 x 16 = 37.34424pt x 52.81541pt
\TPboxrulesize=\dimen170
\TP@ox=\dimen171
\TP@oy=\dimen172
\TP@tbargs=\toks31
TextBlockOrigin set to 0pt x 0pt
) (/usr/share/texlive/texmf-dist/tex/latex/base/fontenc.sty
Package: fontenc 2021/04/29 v2.0v Standard LaTeX package
)
(/usr/share/texlive/texmf-dist/tex/latex/base/inputenc.sty
Package: inputenc 2024/02/08 v1.3d Input encoding file
\inpenc@prehook=\toks32
\inpenc@posthook=\toks33
)
(/usr/share/texlive/texmf-dist/tex/latex/graphics/graphicx.sty
Package: graphicx 2021/09/16 v1.2d Enhanced LaTeX Graphics (DPC,SPQR)

(/usr/share/texlive/texmf-dist/tex/latex/graphics/graphics.sty
Package: graphics 2024/08/06 v1.4g Standard LaTeX Graphics (DPC,SPQR)

(/usr/share/texlive/texmf-dist/tex/latex/graphics/trig.sty
Package: trig 2023/12/02 v1.11 sin cos tan (DPC)
)
(/usr/share/texlive/texmf-dist/tex/latex/graphics-cfg/graphics.cfg
File: graphics.cfg 2016/06/04 v1.11 sample graphics configuration
)
Package graphics Info: Driver file: pdftex.def on input line 106.

(/usr/share/texlive/texmf-dist/tex/latex/graphics-def/pdftex.def
File: pdftex.def 2024/04/13 v1.2c Graphics/color driver for pdftex
))
\Gin@req@height=\dimen173
\Gin@req@width=\dimen174
)
(/usr/share/texlive/texmf-dist/tex/latex/physics/physics.sty
Package: physics 

(/usr/share/texlive/texmf-dist/tex/latex/l3packages/xparse/xparse.sty
(/usr/share/texlive/texmf-dist/tex/latex/l3kernel/expl3.sty
Package: expl3 2025-01-18 L3 programming layer (loader) 

(/usr/share/texlive/texmf-dist/tex/latex/l3backend/l3backend-pdftex.def
File: l3backend-pdftex.def 2024-05-08 L3 backend support: PDF output (pdfTeX)
\l__color_backend_stack_int=\count300
\l__pdf_internal_box=\box66
))
Package: xparse 2024-08-16 L3 Experimental document command parser
))
(/usr/share/texlive/texmf-dist/tex/latex/mathtools/mathtools.sty
Package: mathtools 2024/10/04 v1.31 mathematical typesetting tools

(/usr/share/texlive/texmf-dist/tex/latex/tools/calc.sty
Package: calc 2023/07/08 v4.3 Infix arithmetic (KKT,FJ)
\calc@Acount=\count301
\calc@Bcount=\count302
\calc@Adimen=\dimen175
\calc@Bdimen=\dimen176
\calc@Askip=\skip59
\calc@Bskip=\skip60
LaTeX Info: Redefining \setlength on input line 80.
LaTeX Info: Redefining \addtolength on input line 81.
\calc@Ccount=\count303
\calc@Cskip=\skip61
)
(/usr/share/texlive/texmf-dist/tex/latex/mathtools/mhsetup.sty
Package: mhsetup 2021/03/18 v1.4 programming setup (MH)
)
\g_MT_multlinerow_int=\count304
\l_MT_multwidth_dim=\dimen177
\origjot=\skip62
\l_MT_shortvdotswithinadjustabove_dim=\dimen178
\l_MT_shortvdotswithinadjustbelow_dim=\dimen179
\l_MT_above_intertext_sep=\dimen180
\l_MT_below_intertext_sep=\dimen181
\l_MT_above_shortintertext_sep=\dimen182
\l_MT_below_shortintertext_sep=\dimen183
\xmathstrut@box=\box67
\xmathstrut@dim=\dimen184
)
(/usr/share/texlive/texmf-dist/tex/latex/tools/tabularx.sty
Package: tabularx 2023/12/11 v2.12a `tabularx' package (DPC)
\TX@col@width=\dimen185
\TX@old@table=\dimen186
\TX@old@col=\dimen187
\TX@target=\dimen188
\TX@delta=\dimen189
\TX@cols=\count305
\TX@ftn=\toks34
)
(/usr/share/texlive/texmf-dist/tex/latex/import/import.sty
Package: import 2020/04/01  v 6.2
)
(/usr/share/texlive/texmf-dist/tex/latex/subfiles/subfiles.sty
Package: subfiles 2020/11/14 v2.2 Multi-file projects (package)
)
(/usr/share/texmf/tex/latex/lm/lmodern.sty
Package: lmodern 2015/05/01 v1.6.1 Latin Modern Fonts
LaTeX Font Info:    Overwriting symbol font `operators' in version `normal'
(Font)                  OT1/cmr/m/n --> OT1/lmr/m/n on input line 22.
LaTeX Font Info:    Overwriting symbol font `letters' in version `normal'
(Font)                  OML/cmm/m/it --> OML/lmm/m/it on input line 23.
LaTeX Font Info:    Overwriting symbol font `symbols' in version `normal'
(Font)                  OMS/cmsy/m/n --> OMS/lmsy/m/n on input line 24.
LaTeX Font Info:    Overwriting symbol font `largesymbols' in version `normal'
(Font)                  OMX/cmex/m/n --> OMX/lmex/m/n on input line 25.
LaTeX Font Info:    Overwriting symbol font `operators' in version `bold'
(Font)                  OT1/cmr/bx/n --> OT1/lmr/bx/n on input line 26.
LaTeX Font Info:    Overwriting symbol font `letters' in version `bold'
(Font)                  OML/cmm/b/it --> OML/lmm/b/it on input line 27.
LaTeX Font Info:    Overwriting symbol font `symbols' in version `bold'
(Font)                  OMS/cmsy/b/n --> OMS/lmsy/b/n on input line 28.
LaTeX Font Info:    Overwriting symbol font `largesymbols' in version `bold'
(Font)                  OMX/cmex/m/n --> OMX/lmex/m/n on input line 29.
LaTeX Font Info:    Overwriting math alphabet `\mathbf' in version `normal'
(Font)                  OT1/cmr/bx/n --> OT1/lmr/bx/n on input line 31.
LaTeX Font Info:    Overwriting math alphabet `\mathsf' in version `normal'
(Font)                  OT1/cmss/m/n --> OT1/lmss/m/n on input line 32.
LaTeX Font Info:    Overwriting math alphabet `\mathit' in version `normal'
(Font)                  OT1/cmr/m/it --> OT1/lmr/m/it on input line 33.
LaTeX Font Info:    Overwriting math alphabet `\mathtt' in version `normal'
(Font)                  OT1/cmtt/m/n --> OT1/lmtt/m/n on input line 34.
LaTeX Font Info:    Overwriting math alphabet `\mathbf' in version `bold'
(Font)                  OT1/cmr/bx/n --> OT1/lmr/bx/n on input line 35.
LaTeX Font Info:    Overwriting math alphabet `\mathsf' in version `bold'
(Font)                  OT1/cmss/bx/n --> OT1/lmss/bx/n on input line 36.
LaTeX Font Info:    Overwriting math alphabet `\mathit' in version `bold'
(Font)                  OT1/cmr/bx/it --> OT1/lmr/bx/it on input line 37.
LaTeX Font Info:    Overwriting math alphabet `\mathtt' in version `bold'
(Font)                  OT1/cmtt/m/n --> OT1/lmtt/m/n on input line 38.
)
(/usr/share/texlive/texmf-dist/tex/latex/booktabs/booktabs.sty
Package: booktabs 2020/01/12 v1.61803398 Publication quality tables
\heavyrulewidth=\dimen190
\lightrulewidth=\dimen191
\cmidrulewidth=\dimen192
\belowrulesep=\dimen193
\belowbottomsep=\dimen194
\aboverulesep=\dimen195
\abovetopsep=\dimen196
\cmidrulesep=\dimen197
\cmidrulekern=\dimen198
\defaultaddspace=\dimen199
\@cmidla=\count306
\@cmidlb=\count307
\@aboverulesep=\dimen256
\@belowrulesep=\dimen257
\@thisruleclass=\count308
\@lastruleclass=\count309
\@thisrulewidth=\dimen258
)
(/usr/share/texlive/texmf-dist/tex/latex/pgf/frontendlayer/tikz.sty
(/usr/share/texlive/texmf-dist/tex/latex/pgf/basiclayer/pgf.sty
(/usr/share/texlive/texmf-dist/tex/latex/pgf/utilities/pgfrcs.sty
(/usr/share/texlive/texmf-dist/tex/generic/pgf/utilities/pgfutil-common.tex
\pgfutil@everybye=\toks35
\pgfutil@tempdima=\dimen259
\pgfutil@tempdimb=\dimen260
)
(/usr/share/texlive/texmf-dist/tex/generic/pgf/utilities/pgfutil-latex.def
\pgfutil@abb=\box68
)
(/usr/share/texlive/texmf-dist/tex/generic/pgf/utilities/pgfrcs.code.tex
(/usr/share/texlive/texmf-dist/tex/generic/pgf/pgf.revision.tex)
Package: pgfrcs 2023-01-15 v3.1.10 (3.1.10)
))
Package: pgf 2023-01-15 v3.1.10 (3.1.10)

(/usr/share/texlive/texmf-dist/tex/latex/pgf/basiclayer/pgfcore.sty
(/usr/share/texlive/texmf-dist/tex/latex/pgf/systemlayer/pgfsys.sty
(/usr/share/texlive/texmf-dist/tex/generic/pgf/systemlayer/pgfsys.code.tex
Package: pgfsys 2023-01-15 v3.1.10 (3.1.10)

(/usr/share/texlive/texmf-dist/tex/generic/pgf/utilities/pgfkeys.code.tex
\pgfkeys@pathtoks=\toks36
\pgfkeys@temptoks=\toks37

(/usr/share/texlive/texmf-dist/tex/generic/pgf/utilities/pgfkeyslibraryfiltered
.code.tex
\pgfkeys@tmptoks=\toks38
))
\pgf@x=\dimen261
\pgf@y=\dimen262
\pgf@xa=\dimen263
\pgf@ya=\dimen264
\pgf@xb=\dimen265
\pgf@yb=\dimen266
\pgf@xc=\dimen267
\pgf@yc=\dimen268
\pgf@xd=\dimen269
\pgf@yd=\dimen270
\w@pgf@writea=\write3
\r@pgf@reada=\read2
\c@pgf@counta=\count310
\c@pgf@countb=\count311
\c@pgf@countc=\count312
\c@pgf@countd=\count313
\t@pgf@toka=\toks39
\t@pgf@tokb=\toks40
\t@pgf@tokc=\toks41
\pgf@sys@id@count=\count314
 (/usr/share/texlive/texmf-dist/tex/generic/pgf/systemlayer/pgf.cfg
File: pgf.cfg 2023-01-15 v3.1.10 (3.1.10)
)
Driver file for pgf: pgfsys-pdftex.def
(/usr/share/texlive/texmf-dist/tex/generic/pgf/systemlayer/pgfsys-pdftex.def
File: pgfsys-pdftex.def 2023-01-15 v3.1.10 (3.1.10)

(/usr/share/texlive/texmf-dist/tex/generic/pgf/systemlayer/pgfsys-common-pdf.de
f
File: pgfsys-common-pdf.def 2023-01-15 v3.1.10 (3.1.10)
)))
(/usr/share/texlive/texmf-dist/tex/generic/pgf/systemlayer/pgfsyssoftpath.code.
tex
File: pgfsyssoftpath.code.tex 2023-01-15 v3.1.10 (3.1.10)
\pgfsyssoftpath@smallbuffer@items=\count315
\pgfsyssoftpath@bigbuffer@items=\count316
)
(/usr/share/texlive/texmf-dist/tex/generic/pgf/systemlayer/pgfsysprotocol.code.
tex
File: pgfsysprotocol.code.tex 2023-01-15 v3.1.10 (3.1.10)
)) (/usr/share/texlive/texmf-dist/tex/latex/xcolor/xcolor.sty
Package: xcolor 2024/09/29 v3.02 LaTeX color extensions (UK)

(/usr/share/texlive/texmf-dist/tex/latex/graphics-cfg/color.cfg
File: color.cfg 2016/01/02 v1.6 sample color configuration
)
Package xcolor Info: Driver file: pdftex.def on input line 274.

(/usr/share/texlive/texmf-dist/tex/latex/graphics/mathcolor.ltx)
Package xcolor Info: Model `cmy' substituted by `cmy0' on input line 1349.
Package xcolor Info: Model `hsb' substituted by `rgb' on input line 1353.
Package xcolor Info: Model `RGB' extended on input line 1365.
Package xcolor Info: Model `HTML' substituted by `rgb' on input line 1367.
Package xcolor Info: Model `Hsb' substituted by `hsb' on input line 1368.
Package xcolor Info: Model `tHsb' substituted by `hsb' on input line 1369.
Package xcolor Info: Model `HSB' substituted by `hsb' on input line 1370.
Package xcolor Info: Model `Gray' substituted by `gray' on input line 1371.
Package xcolor Info: Model `wave' substituted by `hsb' on input line 1372.
)
(/usr/share/texlive/texmf-dist/tex/generic/pgf/basiclayer/pgfcore.code.tex
Package: pgfcore 2023-01-15 v3.1.10 (3.1.10)

(/usr/share/texlive/texmf-dist/tex/generic/pgf/math/pgfmath.code.tex
(/usr/share/texlive/texmf-dist/tex/generic/pgf/math/pgfmathutil.code.tex)
(/usr/share/texlive/texmf-dist/tex/generic/pgf/math/pgfmathparser.code.tex
\pgfmath@dimen=\dimen271
\pgfmath@count=\count317
\pgfmath@box=\box69
\pgfmath@toks=\toks42
\pgfmath@stack@operand=\toks43
\pgfmath@stack@operation=\toks44
)
(/usr/share/texlive/texmf-dist/tex/generic/pgf/math/pgfmathfunctions.code.tex)
(/usr/share/texlive/texmf-dist/tex/generic/pgf/math/pgfmathfunctions.basic.code
.tex)
(/usr/share/texlive/texmf-dist/tex/generic/pgf/math/pgfmathfunctions.trigonomet
ric.code.tex)
(/usr/share/texlive/texmf-dist/tex/generic/pgf/math/pgfmathfunctions.random.cod
e.tex)
(/usr/share/texlive/texmf-dist/tex/generic/pgf/math/pgfmathfunctions.comparison
.code.tex)
(/usr/share/texlive/texmf-dist/tex/generic/pgf/math/pgfmathfunctions.base.code.
tex)
(/usr/share/texlive/texmf-dist/tex/generic/pgf/math/pgfmathfunctions.round.code
.tex)
(/usr/share/texlive/texmf-dist/tex/generic/pgf/math/pgfmathfunctions.misc.code.
tex)
(/usr/share/texlive/texmf-dist/tex/generic/pgf/math/pgfmathfunctions.integerari
thmetics.code.tex)
(/usr/share/texlive/texmf-dist/tex/generic/pgf/math/pgfmathcalc.code.tex)
(/usr/share/texlive/texmf-dist/tex/generic/pgf/math/pgfmathfloat.code.tex
\c@pgfmathroundto@lastzeros=\count318
))
(/usr/share/texlive/texmf-dist/tex/generic/pgf/math/pgfint.code.tex)
(/usr/share/texlive/texmf-dist/tex/generic/pgf/basiclayer/pgfcorepoints.code.te
x
File: pgfcorepoints.code.tex 2023-01-15 v3.1.10 (3.1.10)
\pgf@picminx=\dimen272
\pgf@picmaxx=\dimen273
\pgf@picminy=\dimen274
\pgf@picmaxy=\dimen275
\pgf@pathminx=\dimen276
\pgf@pathmaxx=\dimen277
\pgf@pathminy=\dimen278
\pgf@pathmaxy=\dimen279
\pgf@xx=\dimen280
\pgf@xy=\dimen281
\pgf@yx=\dimen282
\pgf@yy=\dimen283
\pgf@zx=\dimen284
\pgf@zy=\dimen285
)
(/usr/share/texlive/texmf-dist/tex/generic/pgf/basiclayer/pgfcorepathconstruct.
code.tex
File: pgfcorepathconstruct.code.tex 2023-01-15 v3.1.10 (3.1.10)
\pgf@path@lastx=\dimen286
\pgf@path@lasty=\dimen287
)
(/usr/share/texlive/texmf-dist/tex/generic/pgf/basiclayer/pgfcorepathusage.code
.tex
File: pgfcorepathusage.code.tex 2023-01-15 v3.1.10 (3.1.10)
\pgf@shorten@end@additional=\dimen288
\pgf@shorten@start@additional=\dimen289
)
(/usr/share/texlive/texmf-dist/tex/generic/pgf/basiclayer/pgfcorescopes.code.te
x
File: pgfcorescopes.code.tex 2023-01-15 v3.1.10 (3.1.10)
\pgfpic=\box70
\pgf@hbox=\box71
\pgf@layerbox@main=\box72
\pgf@picture@serial@count=\count319
)
(/usr/share/texlive/texmf-dist/tex/generic/pgf/basiclayer/pgfcoregraphicstate.c
ode.tex
File: pgfcoregraphicstate.code.tex 2023-01-15 v3.1.10 (3.1.10)
\pgflinewidth=\dimen290
)
(/usr/share/texlive/texmf-dist/tex/generic/pgf/basiclayer/pgfcoretransformation
s.code.tex
File: pgfcoretransformations.code.tex 2023-01-15 v3.1.10 (3.1.10)
\pgf@pt@x=\dimen291
\pgf@pt@y=\dimen292
\pgf@pt@temp=\dimen293
)
(/usr/share/texlive/texmf-dist/tex/generic/pgf/basiclayer/pgfcorequick.code.tex
File: pgfcorequick.code.tex 2023-01-15 v3.1.10 (3.1.10)
)
(/usr/share/texlive/texmf-dist/tex/generic/pgf/basiclayer/pgfcoreobjects.code.t
ex
File: pgfcoreobjects.code.tex 2023-01-15 v3.1.10 (3.1.10)
)
(/usr/share/texlive/texmf-dist/tex/generic/pgf/basiclayer/pgfcorepathprocessing
.code.tex
File: pgfcorepathprocessing.code.tex 2023-01-15 v3.1.10 (3.1.10)
)
(/usr/share/texlive/texmf-dist/tex/generic/pgf/basiclayer/pgfcorearrows.code.te
x
File: pgfcorearrows.code.tex 2023-01-15 v3.1.10 (3.1.10)
\pgfarrowsep=\dimen294
)
(/usr/share/texlive/texmf-dist/tex/generic/pgf/basiclayer/pgfcoreshade.code.tex
File: pgfcoreshade.code.tex 2023-01-15 v3.1.10 (3.1.10)
\pgf@max=\dimen295
\pgf@sys@shading@range@num=\count320
\pgf@shadingcount=\count321
)
(/usr/share/texlive/texmf-dist/tex/generic/pgf/basiclayer/pgfcoreimage.code.tex
File: pgfcoreimage.code.tex 2023-01-15 v3.1.10 (3.1.10)
)
(/usr/share/texlive/texmf-dist/tex/generic/pgf/basiclayer/pgfcoreexternal.code.
tex
File: pgfcoreexternal.code.tex 2023-01-15 v3.1.10 (3.1.10)
\pgfexternal@startupbox=\box73
)
(/usr/share/texlive/texmf-dist/tex/generic/pgf/basiclayer/pgfcorelayers.code.te
x
File: pgfcorelayers.code.tex 2023-01-15 v3.1.10 (3.1.10)
)
(/usr/share/texlive/texmf-dist/tex/generic/pgf/basiclayer/pgfcoretransparency.c
ode.tex
File: pgfcoretransparency.code.tex 2023-01-15 v3.1.10 (3.1.10)
)
(/usr/share/texlive/texmf-dist/tex/generic/pgf/basiclayer/pgfcorepatterns.code.
tex
File: pgfcorepatterns.code.tex 2023-01-15 v3.1.10 (3.1.10)
)
(/usr/share/texlive/texmf-dist/tex/generic/pgf/basiclayer/pgfcorerdf.code.tex
File: pgfcorerdf.code.tex 2023-01-15 v3.1.10 (3.1.10)
)))
(/usr/share/texlive/texmf-dist/tex/generic/pgf/modules/pgfmoduleshapes.code.tex
File: pgfmoduleshapes.code.tex 2023-01-15 v3.1.10 (3.1.10)
\pgfnodeparttextbox=\box74
) (/usr/share/texlive/texmf-dist/tex/generic/pgf/modules/pgfmoduleplot.code.tex
File: pgfmoduleplot.code.tex 2023-01-15 v3.1.10 (3.1.10)
)
(/usr/share/texlive/texmf-dist/tex/latex/pgf/compatibility/pgfcomp-version-0-65
.sty
Package: pgfcomp-version-0-65 2023-01-15 v3.1.10 (3.1.10)
\pgf@nodesepstart=\dimen296
\pgf@nodesepend=\dimen297
)
(/usr/share/texlive/texmf-dist/tex/latex/pgf/compatibility/pgfcomp-version-1-18
.sty
Package: pgfcomp-version-1-18 2023-01-15 v3.1.10 (3.1.10)
)) (/usr/share/texlive/texmf-dist/tex/latex/pgf/utilities/pgffor.sty
(/usr/share/texlive/texmf-dist/tex/latex/pgf/utilities/pgfkeys.sty
(/usr/share/texlive/texmf-dist/tex/generic/pgf/utilities/pgfkeys.code.tex))
(/usr/share/texlive/texmf-dist/tex/latex/pgf/math/pgfmath.sty
(/usr/share/texlive/texmf-dist/tex/generic/pgf/math/pgfmath.code.tex))
(/usr/share/texlive/texmf-dist/tex/generic/pgf/utilities/pgffor.code.tex
Package: pgffor 2023-01-15 v3.1.10 (3.1.10)
\pgffor@iter=\dimen298
\pgffor@skip=\dimen299
\pgffor@stack=\toks45
\pgffor@toks=\toks46
))
(/usr/share/texlive/texmf-dist/tex/generic/pgf/frontendlayer/tikz/tikz.code.tex
Package: tikz 2023-01-15 v3.1.10 (3.1.10)

(/usr/share/texlive/texmf-dist/tex/generic/pgf/libraries/pgflibraryplothandlers
.code.tex
File: pgflibraryplothandlers.code.tex 2023-01-15 v3.1.10 (3.1.10)
\pgf@plot@mark@count=\count322
\pgfplotmarksize=\dimen300
)
\tikz@lastx=\dimen301
\tikz@lasty=\dimen302
\tikz@lastxsaved=\dimen303
\tikz@lastysaved=\dimen304
\tikz@lastmovetox=\dimen305
\tikz@lastmovetoy=\dimen306
\tikzleveldistance=\dimen307
\tikzsiblingdistance=\dimen308
\tikz@figbox=\box75
\tikz@figbox@bg=\box76
\tikz@tempbox=\box77
\tikz@tempbox@bg=\box78
\tikztreelevel=\count323
\tikznumberofchildren=\count324
\tikznumberofcurrentchild=\count325
\tikz@fig@count=\count326

(/usr/share/texlive/texmf-dist/tex/generic/pgf/modules/pgfmodulematrix.code.tex
File: pgfmodulematrix.code.tex 2023-01-15 v3.1.10 (3.1.10)
\pgfmatrixcurrentrow=\count327
\pgfmatrixcurrentcolumn=\count328
\pgf@matrix@numberofcolumns=\count329
)
\tikz@expandcount=\count330

(/usr/share/texlive/texmf-dist/tex/generic/pgf/frontendlayer/tikz/libraries/tik
zlibrarytopaths.code.tex
File: tikzlibrarytopaths.code.tex 2023-01-15 v3.1.10 (3.1.10)
)))
(/usr/share/texlive/texmf-dist/tex/generic/pgf/libraries/pgflibraryarrows.meta.
code.tex
File: pgflibraryarrows.meta.code.tex 2023-01-15 v3.1.10 (3.1.10)
\pgfarrowinset=\dimen309
\pgfarrowlength=\dimen310
\pgfarrowwidth=\dimen311
\pgfarrowlinewidth=\dimen312
)
(/usr/share/texlive/texmf-dist/tex/generic/pgf/frontendlayer/tikz/libraries/tik
zlibrarypositioning.code.tex
File: tikzlibrarypositioning.code.tex 2023-01-15 v3.1.10 (3.1.10)
)
(/usr/share/texlive/texmf-dist/tex/generic/pgf/frontendlayer/tikz/libraries/tik
zlibrarycalc.code.tex
File: tikzlibrarycalc.code.tex 2023-01-15 v3.1.10 (3.1.10)
)
(/usr/share/texlive/texmf-dist/tex/generic/pgf/frontendlayer/tikz/libraries/tik
zlibraryfit.code.tex
File: tikzlibraryfit.code.tex 2023-01-15 v3.1.10 (3.1.10)
)
(/usr/share/texlive/texmf-dist/tex/generic/pgf/frontendlayer/tikz/libraries/tik
zlibrarydecorations.pathmorphing.code.tex
(/usr/share/texlive/texmf-dist/tex/generic/pgf/frontendlayer/tikz/libraries/tik
zlibrarydecorations.code.tex
(/usr/share/texlive/texmf-dist/tex/generic/pgf/modules/pgfmoduledecorations.cod
e.tex
\pgfdecoratedcompleteddistance=\dimen313
\pgfdecoratedremainingdistance=\dimen314
\pgfdecoratedinputsegmentcompleteddistance=\dimen315
\pgfdecoratedinputsegmentremainingdistance=\dimen316
\pgf@decorate@distancetomove=\dimen317
\pgf@decorate@repeatstate=\count331
\pgfdecorationsegmentamplitude=\dimen318
\pgfdecorationsegmentlength=\dimen319
)
\tikz@lib@dec@box=\box79
)
(/usr/share/texlive/texmf-dist/tex/generic/pgf/libraries/decorations/pgflibrary
decorations.pathmorphing.code.tex))
(/usr/share/texlive/texmf-dist/tex/latex/float/float.sty
Package: float 2001/11/08 v1.3d Float enhancements (AL)
\c@float@type=\count332
\float@exts=\toks47
\float@box=\box80
\@float@everytoks=\toks48
\@floatcapt=\box81
)
\c@definition=\count333
\c@axiom=\count334
\c@theorem=\count335
\c@lemma=\count336
\c@remark=\count337

(/usr/share/texlive/texmf-dist/tex/latex/hyperref/hyperref.sty
Package: hyperref 2024-11-05 v7.01l Hypertext links for LaTeX

(/usr/share/texlive/texmf-dist/tex/latex/kvsetkeys/kvsetkeys.sty
Package: kvsetkeys 2022-10-05 v1.19 Key value parser (HO)
)
(/usr/share/texlive/texmf-dist/tex/generic/kvdefinekeys/kvdefinekeys.sty
Package: kvdefinekeys 2019-12-19 v1.6 Define keys (HO)
)
(/usr/share/texlive/texmf-dist/tex/generic/pdfescape/pdfescape.sty
Package: pdfescape 2019/12/09 v1.15 Implements pdfTeX's escape features (HO)
)
(/usr/share/texlive/texmf-dist/tex/latex/hycolor/hycolor.sty
Package: hycolor 2020-01-27 v1.10 Color options for hyperref/bookmark (HO)
)
(/usr/share/texlive/texmf-dist/tex/latex/hyperref/nameref.sty
Package: nameref 2023-11-26 v2.56 Cross-referencing by name of section

(/usr/share/texlive/texmf-dist/tex/latex/refcount/refcount.sty
Package: refcount 2019/12/15 v3.6 Data extraction from label references (HO)
)
(/usr/share/texlive/texmf-dist/tex/generic/gettitlestring/gettitlestring.sty
Package: gettitlestring 2019/12/15 v1.6 Cleanup title references (HO)

(/usr/share/texlive/texmf-dist/tex/latex/kvoptions/kvoptions.sty
Package: kvoptions 2022-06-15 v3.15 Key value format for package options (HO)
))
\c@section@level=\count338
)
(/usr/share/texlive/texmf-dist/tex/generic/stringenc/stringenc.sty
Package: stringenc 2019/11/29 v1.12 Convert strings between diff. encodings (HO
)
)
\@linkdim=\dimen320
\Hy@linkcounter=\count339
\Hy@pagecounter=\count340

(/usr/share/texlive/texmf-dist/tex/latex/hyperref/pd1enc.def
File: pd1enc.def 2024-11-05 v7.01l Hyperref: PDFDocEncoding definition (HO)
Now handling font encoding PD1 ...
... no UTF-8 mapping file for font encoding PD1
)
(/usr/share/texlive/texmf-dist/tex/generic/intcalc/intcalc.sty
Package: intcalc 2019/12/15 v1.3 Expandable calculations with integers (HO)
)
\Hy@SavedSpaceFactor=\count341

(/usr/share/texlive/texmf-dist/tex/latex/hyperref/puenc.def
File: puenc.def 2024-11-05 v7.01l Hyperref: PDF Unicode definition (HO)
Now handling font encoding PU ...
... no UTF-8 mapping file for font encoding PU
)
Package hyperref Info: Hyper figures OFF on input line 4157.
Package hyperref Info: Link nesting OFF on input line 4162.
Package hyperref Info: Hyper index ON on input line 4165.
Package hyperref Info: Plain pages OFF on input line 4172.
Package hyperref Info: Backreferencing OFF on input line 4177.
Package hyperref Info: Implicit mode ON; LaTeX internals redefined.
Package hyperref Info: Bookmarks ON on input line 4424.
\c@Hy@tempcnt=\count342

(/usr/share/texlive/texmf-dist/tex/latex/url/url.sty
\Urlmuskip=\muskip18
Package: url 2013/09/16  ver 3.4  Verb mode for urls, etc.
)
LaTeX Info: Redefining \url on input line 4763.
\XeTeXLinkMargin=\dimen321

(/usr/share/texlive/texmf-dist/tex/generic/bitset/bitset.sty
Package: bitset 2019/12/09 v1.3 Handle bit-vector datatype (HO)

(/usr/share/texlive/texmf-dist/tex/generic/bigintcalc/bigintcalc.sty
Package: bigintcalc 2019/12/15 v1.5 Expandable calculations on big integers (HO
)
))
\Fld@menulength=\count343
\Field@Width=\dimen322
\Fld@charsize=\dimen323
Package hyperref Info: Hyper figures OFF on input line 6042.
Package hyperref Info: Link nesting OFF on input line 6047.
Package hyperref Info: Hyper index ON on input line 6050.
Package hyperref Info: backreferencing OFF on input line 6057.
Package hyperref Info: Link coloring OFF on input line 6062.
Package hyperref Info: Link coloring with OCG OFF on input line 6067.
Package hyperref Info: PDF/A mode OFF on input line 6072.

(/usr/share/texlive/texmf-dist/tex/latex/base/atbegshi-ltx.sty
Package: atbegshi-ltx 2021/01/10 v1.0c Emulation of the original atbegshi
package with kernel methods
)
\Hy@abspage=\count344
\c@Item=\count345
\c@Hfootnote=\count346
)
Package hyperref Info: Driver (autodetected): hpdftex.

(/usr/share/texlive/texmf-dist/tex/latex/hyperref/hpdftex.def
File: hpdftex.def 2024-11-05 v7.01l Hyperref driver for pdfTeX

(/usr/share/texlive/texmf-dist/tex/latex/base/atveryend-ltx.sty
Package: atveryend-ltx 2020/08/19 v1.0a Emulation of the original atveryend pac
kage
with kernel methods
)
\Fld@listcount=\count347
\c@bookmark@seq@number=\count348

(/usr/share/texlive/texmf-dist/tex/latex/rerunfilecheck/rerunfilecheck.sty
Package: rerunfilecheck 2022-07-10 v1.10 Rerun checks for auxiliary files (HO)

(/usr/share/texlive/texmf-dist/tex/generic/uniquecounter/uniquecounter.sty
Package: uniquecounter 2019/12/15 v1.4 Provide unlimited unique counter (HO)
)
Package uniquecounter Info: New unique counter `rerunfilecheck' on input line 2
85.
)
\Hy@SectionHShift=\skip63
)
Package hyperref Info: Option `colorlinks' set `true' on input line 54.

(/usr/share/texlive/texmf-dist/tex/latex/tocloft/tocloft.sty
Package: tocloft 2017/08/31 v2.3i parameterised ToC, etc., typesetting
Package tocloft Info: The document has section divisions on input line 51.
\cftparskip=\skip64
\cftbeforetoctitleskip=\skip65
\cftaftertoctitleskip=\skip66
\cftbeforepartskip=\skip67
\cftpartnumwidth=\skip68
\cftpartindent=\skip69
\cftbeforesecskip=\skip70
\cftsecindent=\skip71
\cftsecnumwidth=\skip72
\cftbeforesubsecskip=\skip73
\cftsubsecindent=\skip74
\cftsubsecnumwidth=\skip75
\cftbeforesubsubsecskip=\skip76
\cftsubsubsecindent=\skip77
\cftsubsubsecnumwidth=\skip78
\cftbeforeparaskip=\skip79
\cftparaindent=\skip80
\cftparanumwidth=\skip81
\cftbeforesubparaskip=\skip82
\cftsubparaindent=\skip83
\cftsubparanumwidth=\skip84
\cftbeforeloftitleskip=\skip85
\cftafterloftitleskip=\skip86
\cftbeforefigskip=\skip87
\cftfigindent=\skip88
\cftfignumwidth=\skip89
\c@lofdepth=\count349
\c@lotdepth=\count350
\cftbeforelottitleskip=\skip90
\cftafterlottitleskip=\skip91
\cftbeforetabskip=\skip92
\cfttabindent=\skip93
\cfttabnumwidth=\skip94
)
Package translations Info: No language package found. I am going to use `englis
h' as default language. on input line 108.
LaTeX Font Info:    Trying to load font information for T1+lmr on input line 10
8.

(/usr/share/texmf/tex/latex/lm/t1lmr.fd
File: t1lmr.fd 2015/05/01 v1.6.1 Font defs for Latin Modern
) (./SST_CANON-v0.8.35.aux)
\openout1 = `SST_CANON-v0.8.35.aux'.

LaTeX Font Info:    Checking defaults for OML/cmm/m/it on input line 108.
LaTeX Font Info:    ... okay on input line 108.
LaTeX Font Info:    Checking defaults for OMS/cmsy/m/n on input line 108.
LaTeX Font Info:    ... okay on input line 108.
LaTeX Font Info:    Checking defaults for OT1/cmr/m/n on input line 108.
LaTeX Font Info:    ... okay on input line 108.
LaTeX Font Info:    Checking defaults for T1/cmr/m/n on input line 108.
LaTeX Font Info:    ... okay on input line 108.
LaTeX Font Info:    Checking defaults for TS1/cmr/m/n on input line 108.
LaTeX Font Info:    ... okay on input line 108.
LaTeX Font Info:    Checking defaults for OMX/cmex/m/n on input line 108.
LaTeX Font Info:    ... okay on input line 108.
LaTeX Font Info:    Checking defaults for U/cmr/m/n on input line 108.
LaTeX Font Info:    ... okay on input line 108.
LaTeX Font Info:    Checking defaults for PD1/pdf/m/n on input line 108.
LaTeX Font Info:    ... okay on input line 108.
LaTeX Font Info:    Checking defaults for PU/pdf/m/n on input line 108.
LaTeX Font Info:    ... okay on input line 108.


Package siunitx Warning: Detected the "physics" package:
(siunitx)                omitting definition of \qty.
(siunitx)                
(siunitx)                If you want to use \qty with the siunitx definition,
(siunitx)                add 
(siunitx)                
(siunitx)                    \AtBeginDocument{\RenewCommandCopy\qty\SI}
(siunitx)                
(siunitx)                to your preamble.


(/usr/share/texlive/texmf-dist/tex/latex/translations/translations-basic-dictio
nary-english.trsl
File: translations-basic-dictionary-english.trsl (english translation file `tra
nslations-basic-dictionary')
)
Package translations Info: loading dictionary `translations-basic-dictionary' f
or `english'. on input line 108.

*geometry* driver: auto-detecting
*geometry* detected driver: pdftex
*geometry* verbose mode - [ preamble ] result:
* driver: pdftex
* paper: a4paper
* layout: <same size as paper>
* layoutoffset:(h,v)=(0.0pt,0.0pt)
* modes: 
* h-part:(L,W,R)=(72.26999pt, 452.9679pt, 72.26999pt)
* v-part:(T,H,B)=(72.26999pt, 700.50687pt, 72.26999pt)
* \paperwidth=597.50787pt
* \paperheight=845.04684pt
* \textwidth=452.9679pt
* \textheight=700.50687pt
* \oddsidemargin=0.0pt
* \evensidemargin=0.0pt
* \topmargin=-37.0pt
* \headheight=12.0pt
* \headsep=25.0pt
* \topskip=11.0pt
* \footskip=30.0pt
* \marginparwidth=59.0pt
* \marginparsep=10.0pt
* \columnsep=10.0pt
* \skip\footins=10.0pt plus 4.0pt minus 2.0pt
* \hoffset=0.0pt
* \voffset=0.0pt
* \mag=1000
* \@twocolumnfalse
* \@twosidefalse
* \@mparswitchfalse
* \@reversemarginfalse
* (1in=72.27pt=25.4mm, 1cm=28.453pt)

(/usr/share/texlive/texmf-dist/tex/context/base/mkii/supp-pdf.mkii
[Loading MPS to PDF converter (version 2006.09.02).]
\scratchcounter=\count351
\scratchdimen=\dimen324
\scratchbox=\box82
\nofMPsegments=\count352
\nofMParguments=\count353
\everyMPshowfont=\toks49
\MPscratchCnt=\count354
\MPscratchDim=\dimen325
\MPnumerator=\count355
\makeMPintoPDFobject=\count356
\everyMPtoPDFconversion=\toks50
) (/usr/share/texlive/texmf-dist/tex/latex/epstopdf-pkg/epstopdf-base.sty
Package: epstopdf-base 2020-01-24 v2.11 Base part for package epstopdf
Package epstopdf-base Info: Redefining graphics rule for `.eps' on input line 4
85.

(/usr/share/texlive/texmf-dist/tex/latex/latexconfig/epstopdf-sys.cfg
File: epstopdf-sys.cfg 2010/07/13 v1.3 Configuration of (r)epstopdf for TeX Liv
e
))
Package hyperref Info: Link coloring ON on input line 108.

(./SST_CANON-v0.8.35.out) (./SST_CANON-v0.8.35.out)
\@outlinefile=\write4
\openout4 = `SST_CANON-v0.8.35.out'.

LaTeX Font Info:    Trying to load font information for OT1+lmr on input line 1
24.

(/usr/share/texmf/tex/latex/lm/ot1lmr.fd
File: ot1lmr.fd 2015/05/01 v1.6.1 Font defs for Latin Modern
)
LaTeX Font Info:    Trying to load font information for OML+lmm on input line 1
24.

(/usr/share/texmf/tex/latex/lm/omllmm.fd
File: omllmm.fd 2015/05/01 v1.6.1 Font defs for Latin Modern
)
LaTeX Font Info:    Trying to load font information for OMS+lmsy on input line 
124.

(/usr/share/texmf/tex/latex/lm/omslmsy.fd
File: omslmsy.fd 2015/05/01 v1.6.1 Font defs for Latin Modern
)
LaTeX Font Info:    Trying to load font information for OMX+lmex on input line 
124.

(/usr/share/texmf/tex/latex/lm/omxlmex.fd
File: omxlmex.fd 2015/05/01 v1.6.1 Font defs for Latin Modern
)
LaTeX Font Info:    External font `lmex10' loaded for size
(Font)              <14.4> on input line 124.
LaTeX Font Info:    External font `lmex10' loaded for size
(Font)              <10> on input line 124.
LaTeX Font Info:    External font `lmex10' loaded for size
(Font)              <7> on input line 124.
LaTeX Font Info:    Trying to load font information for U+msa on input line 124
.

(/usr/share/texlive/texmf-dist/tex/latex/amsfonts/umsa.fd
File: umsa.fd 2013/01/14 v3.01 AMS symbols A
)
LaTeX Font Info:    Trying to load font information for U+msb on input line 124
.

(/usr/share/texlive/texmf-dist/tex/latex/amsfonts/umsb.fd
File: umsb.fd 2013/01/14 v3.01 AMS symbols B
)
LaTeX Font Info:    Trying to load font information for U+rsfs on input line 12
4.

(/usr/share/texlive/texmf-dist/tex/latex/jknapltx/ursfs.fd
File: ursfs.fd 1998/03/24 rsfs font definition file (jk)
)
LaTeX Font Info:    External font `lmex10' loaded for size
(Font)              <5> on input line 140.

Overfull \hbox (39.83452pt too wide) in paragraph at lines 155--160
[][] 
 []



[1

{/var/lib/texmf/fonts/map/pdftex/updmap/pdftex.map}{/usr/share/texmf/fonts/enc/
dvips/lm/lm-ec.enc}{/usr/share/texmf/fonts/enc/dvips/lm/lm-rm.enc}{/usr/share/t
exmf/fonts/enc/dvips/lm/lm-mathit.enc}]
LaTeX Font Info:    External font `lmex10' loaded for size
(Font)              <9> on input line 169.
LaTeX Font Info:    External font `lmex10' loaded for size
(Font)              <6> on input line 169.
LaTeX Font Info:    Trying to load font information for T1+lmtt on input line 1
69.

(/usr/share/texmf/tex/latex/lm/t1lmtt.fd
File: t1lmtt.fd 2015/05/01 v1.6.1 Font defs for Latin Modern
)

[2] (./SST_CANON-v0.8.35.toc
LaTeX Font Info:    External font `lmex10' loaded for size
(Font)              <10.95> on input line 1.
LaTeX Font Info:    External font `lmex10' loaded for size
(Font)              <8> on input line 1.


[3]

[4]

[5])
\tf@toc=\write5
\openout5 = `SST_CANON-v0.8.35.toc'.



[6{/usr/share/texmf/fonts/enc/dvips/lm/lm-mathsy.enc}]

[7]
LaTeX Font Info:    Font shape `T1/lmtt/bx/n' in size <10.95> not available
(Font)              Font shape `T1/lmtt/b/n' tried instead on input line 272.


[8]

[9{/usr/share/texmf/fonts/enc/dvips/lm/lm-mathex.enc}]

[10]

[11]

[12]

[13]

[14]

[15]
Underfull \hbox (badness 10000) in paragraph at lines 1053--1053
[]|\T1/lmtt/b/n/10.95 [FOUNDATIONAL
 []


Underfull \hbox (badness 10000) in paragraph at lines 1053--1053
[]|\T1/lmtt/b/n/10.95 [HISTORICAL
 []



[16]

[17]

[18]
LaTeX Font Info:    Trying to load font information for TS1+lmr on input line 1
215.
 (/usr/share/texmf/tex/latex/lm/ts1lmr.fd
File: ts1lmr.fd 2015/05/01 v1.6.1 Font defs for Latin Modern
)

[19{/usr/share/texmf/fonts/enc/dvips/lm/lm-ts1.enc}]
Overfull \hbox (25.30412pt too wide) detected at line 1259
[]
 []



[20]

[21]
Overfull \hbox (19.0871pt too wide) in paragraph at lines 1377--1392
[]\T1/lmr/bx/n/10.95 [LEGACY REF-ER-ENCE NOR-MAL-IZA-TION / PROVE-NANCE IN-VAL-
I-DATED].
 []



[22]

[23]

[24]

[25]

[26]

[27]
LaTeX Font Info:    Trying to load font information for OT1+lmss on input line 
1846.
 (/usr/share/texmf/tex/latex/lm/ot1lmss.fd
File: ot1lmss.fd 2015/05/01 v1.6.1 Font defs for Latin Modern
)

[28]

[29]

[30]
Overfull \hbox (10.6347pt too wide) detected at line 2078
[]
 []



[31]
Overfull \hbox (4.44676pt too wide) in paragraph at lines 2097--2098
[]\T1/lmr/bx/n/10.95 [NORMALIZATION TRANS-PARENCY] \T1/lmr/m/n/10.95 With the c
anon-i-cal background-energy read-
 []



[32]
Overfull \hbox (20.3194pt too wide) in paragraph at lines 2195--2196
[]\T1/lmr/bx/n/10.95 [NOTATION RE-TIRE-MENT] \T1/lmr/m/n/10.95 The legacy sym-b
ol $\OML/lmm/m/it/10.95 ^^Z[]$\T1/lmr/m/n/10.95 , for-merly in-tro-duced self-r
eferentially
 []



[33]

[34]

[35]
Underfull \hbox (badness 1009) in paragraph at lines 2325--2325
[]|\T1/lmr/m/n/10.95 Gravitational ceil-
 []


Underfull \hbox (badness 1248) in paragraph at lines 2331--2331
[]|\T1/lmr/m/n/10.95 Quarter of max. Coulomb
 []


Overfull \hbox (61.97743pt too wide) in paragraph at lines 2321--2339
 [][] 
 []



[36]

[37]

[38]

[39]

[40]

[41]

[42]

[43]
Overfull \hbox (6.26433pt too wide) in paragraph at lines 2922--2925
[]\T1/lmr/bx/n/10.95 [OPEN] Deriva-tion of the spino-rial bound-ary con-di-tion
. \T1/lmr/m/n/10.95 The spino-rial anti-periodicity
 []



[44]

[45]

[46]

[47]

[48]
Overfull \hbox (2.25476pt too wide) in paragraph at lines 3247--3249
[]\T1/lmr/bx/n/10.95 [CANONICAL FOUN-DA-TIONAL IDEN-TI-FI-CA-TION]. \T1/lmr/m/n
/10.95 The photon-sector R-phase
 []


Overfull \hbox (2.32846pt too wide) in paragraph at lines 3274--3276
 []\T1/lmr/bx/n/10.95 Normalization no-go for the source-free ra-di-a-tion sec-
tor.[] [DE-RIVED NEG-A-TIVE].
 []



[49]

[50]

[51]

[52]

[53]

[54]

[55]

[56]

[57]

[58]

[59]
LaTeX Font Info:    External font `lmex10' loaded for size
(Font)              <12> on input line 4081.


[60]

[61]
Overfull \hbox (50.21365pt too wide) detected at line 4213
[][][][]\OML/lmm/m/it/10.95 ;  [];  [];  [];
 []



[62]

[63]

[64]

[65]

[66]

[67]

[68]

[69]

[70]

[71]
Overfull \hbox (38.02548pt too wide) in paragraph at lines 4971--4973
[]\T1/lmr/bx/n/10.95 [ORTHODOX GR REPA-RAM-E-TER-I-ZA-TION]. \T1/lmr/m/n/10.95 
In or-tho-dox units the elec-tron Schwarzschild
 []



[72]

[73]

[74]

[75]

[76]
LaTeX Font Info:    Trying to load font information for U+euf on input line 538
1.
 (/usr/share/texlive/texmf-dist/tex/latex/amsfonts/ueuf.fd
File: ueuf.fd 2013/01/14 v3.01 Euler Fraktur
)

[77]
Overfull \hbox (17.81146pt too wide) in paragraph at lines 5422--5423
\T1/lmr/m/n/10.95 The present rein-te-gra-tion does \T1/lmr/m/it/10.95 not \T1/
lmr/m/n/10.95 im-port v0.5.12 cos-mogony, en-gi-neer-ing sub-sys-tems, cosmolog
ical-
 []



[78]
Overfull \hbox (2.79599pt too wide) in paragraph at lines 5502--5503
[]\T1/lmr/m/n/10.95 explicit topology-to-particle dic-tio-nary be-yond the best
-supported bench-mark as-sign-ments. 
 []



[79]

[80]
Underfull \hbox (badness 3954) in paragraph at lines 5676--5677
[]|\T1/lmr/m/n/10.95 BRIDGE (Branch A clo-sure;
 []


Underfull \hbox (badness 10000) in paragraph at lines 5677--5677
[]|\T1/lmr/m/n/10.95 CANON-
 []


Underfull \hbox (badness 1762) in paragraph at lines 5677--5678
[]|\T1/lmr/m/n/10.95 CANON-BRIDGE (equa-tion /
 []


Underfull \hbox (badness 10000) in paragraph at lines 5678--5678
[]|\T1/lmr/m/n/10.95 Benchmark / re-pro-
 []


Underfull \hbox (badness 6316) in paragraph at lines 5678--5679
[]|\T1/lmr/m/n/10.95 CANON-CANDIDATE (pro-to-
 []


Underfull \hbox (badness 10000) in paragraph at lines 5679--5679
[]|\T1/lmr/m/n/10.95 Topological ref-er-ence
 []


Underfull \hbox (badness 10000) in paragraph at lines 5679--5679
[]|\T1/lmr/m/n/10.95 CANON-
 []


Overfull \hbox (1.93097pt too wide) in paragraph at lines 5679--5679
\T1/lmr/m/n/10.95 CANDIDATE| 
 []


Underfull \hbox (badness 10000) in paragraph at lines 5679--5680
[]|\T1/lmr/m/n/10.95 CANON-ready scope/notation
 []


Overfull \hbox (7.59703pt too wide) in paragraph at lines 5670--5682
 [][] 
 []


LaTeX Warning: `h' float specifier changed to `ht'.



[81]

[82]

[83]
Underfull \hbox (badness 1931) in paragraph at lines 5827--5827
[]|\T1/lmr/m/n/10.95 electron / positron
 []


Underfull \hbox (badness 10000) in paragraph at lines 5827--5827
[]|$\OML/lmm/m/it/10.95 T\OT1/lmr/m/n/10.95 (2\OML/lmm/m/it/10.95 ; \OT1/lmr/m/
n/10.95 5)$ \T1/lmr/m/n/10.95 or equiv-a-lent
 []


Underfull \hbox (badness 10000) in paragraph at lines 5827--5827
[]|$\OML/lmm/m/it/10.95 T\OT1/lmr/m/n/10.95 (2\OML/lmm/m/it/10.95 ; \OT1/lmr/m/
n/10.95 7)$ \T1/lmr/m/n/10.95 or equiv-a-lent
 []


Underfull \hbox (badness 1226) in paragraph at lines 5827--5827
[]|\T1/lmr/m/n/10.95 twist/clasp knots, quasi-
 []


Underfull \hbox (badness 10000) in paragraph at lines 5827--5827
[]|\T1/lmr/m/n/10.95 research-track frac-tional bound-ary
 []


Underfull \hbox (badness 6741) in paragraph at lines 5827--5827
[]|\T1/lmr/m/n/10.95 proton-like charged
 []


Underfull \hbox (badness 1694) in paragraph at lines 5827--5827
[]|\T1/lmr/m/n/10.95 neutron-like neu-tral
 []



[84]

LaTeX Warning: `h' float specifier changed to `ht'.


Overfull \hbox (432.04086pt too wide) in paragraph at lines 5918--5919
[]\T1/lmr/bx/n/10.95 [CRITICAL NOTE] \T1/lmr/m/n/10.95 Ta-ble [][]4[][] is pop-
u-lated from the archived exact-closure iden-tity \T1/lmtt/m/n/10.95 SST-CANON/
archive/proofs/figures/SST_invariant_kernel_benchmarks_exact_closure.csv
 []


Overfull \hbox (14.58385pt too wide) in paragraph at lines 5918--5919
\T1/lmr/m/n/10.95 (and the com-pan-ion \T1/lmtt/m/n/10.95 SST_benchmarks_table_
exact_closure.tex\T1/lmr/m/n/10.95 ): for the listed lep-tons/nucleons
 []



[85]
Overfull \hbox (9.76114pt too wide) in paragraph at lines 5959--5960
\T1/lmr/m/n/10.95 ten-sion claim must be routed through the re-solved col-ored 
contact-channel rank test in Sec. [][]M.5.10[][].
 []



[86]

[87]

[88]

[89]

[90]
Underfull \hbox (badness 5475) in paragraph at lines 6135--6135
[]|\T1/lmr/bx/n/10.95 Primary note-
 []


Underfull \hbox (badness 10000) in paragraph at lines 6135--6135
[]|\T1/lmr/bx/n/10.95 Partial later
 []


Underfull \hbox (badness 10000) in paragraph at lines 6135--6135
[]|\T1/lmtt/m/n/10.95 NB2013-Pxxx\T1/lmr/m/n/10.95 ,
 []


Underfull \hbox (badness 10000) in paragraph at lines 6135--6135
[]|\T1/lmr/m/n/10.95 Development of tran-si-tion ge-om-e-try,
 []


Underfull \hbox (badness 10000) in paragraph at lines 6135--6135
[]|\T1/lmr/bx/n/10.95 Early VAM
 []


Underfull \hbox (badness 10000) in paragraph at lines 6135--6135
[]|\T1/lmr/bx/n/10.95 Modern com-
 []


Underfull \hbox (badness 10000) in paragraph at lines 6135--6135
\T1/lmr/bx/n/10.95 pu-ta-tional
 []


Overfull \hbox (20.20045pt too wide) in paragraph at lines 6135--6135
[]|\T1/lmtt/m/n/10.95 PROJ2026-KNOTPLOT-RR-001| 
 []


Underfull \hbox (badness 10000) in paragraph at lines 6135--6135
[]|\T1/lmr/m/n/10.95 KnotPlot seeds, topol-ogy side-cars,
 []


Underfull \hbox (badness 10000) in paragraph at lines 6135--6135
\T1/lmr/m/n/10.95 Ridgerun-ner con-strained pol-ishes, re-
 []


Underfull \hbox (badness 10000) in paragraph at lines 6135--6135
\T1/lmr/m/n/10.95 sam-pling, and near-ideal cer-ti-fi-ca-tion
 []


Underfull \hbox (badness 10000) in paragraph at lines 6135--6135
[]|\T1/lmr/m/n/10.95 versioned
 []


Underfull \hbox (badness 1117) in paragraph at lines 6135--6135
[]|\T1/lmr/m/n/10.95 Sole nor-ma-tive source for ac-tive def-i-ni-
 []


Overfull \hbox (21.06992pt too wide) in paragraph at lines 6153--6153
[]|\T1/lmtt/m/n/10.95 NB2012-P002/P006/P017| 
 []


Underfull \hbox (badness 1107) in paragraph at lines 6153--6153
[]|\T1/lmr/m/n/10.95 Free and bound wave struc-
 []


Underfull \hbox (badness 10000) in paragraph at lines 6153--6153
[]|\T1/lmr/m/n/10.95 Free link-field packet ver-sus
 []


Underfull \hbox (badness 1281) in paragraph at lines 6153--6153
\T1/lmr/m/n/10.95 bound vor-tex/link mode; mass
 []


Underfull \hbox (badness 10000) in paragraph at lines 6153--6153
[]|\T1/lmr/m/n/10.95 Operational Alice--Bob space-
 []


Underfull \hbox (badness 3439) in paragraph at lines 6153--6153
\T1/lmr/m/n/10.95 time; Swirl-Clock; action-level
 []


Underfull \hbox (badness 10000) in paragraph at lines 6153--6153
[]|\T1/lmr/m/n/10.95 Euler-vorticity sec-tor, finite-
 []


Underfull \hbox (badness 1533) in paragraph at lines 6153--6153
[]|\T1/lmr/m/n/10.95 Oscillator prop-a-ga-tion speed,
 []


Underfull \hbox (badness 1132) in paragraph at lines 6153--6153
\T1/lmr/m/n/10.95 re-sponse, impedance, and non-
 []


Overfull \hbox (21.06992pt too wide) in paragraph at lines 6153--6153
[]|\T1/lmtt/m/n/10.95 NB2013-P010/P019/P045| 
 []


Underfull \hbox (badness 1448) in paragraph at lines 6153--6153
[]|\T1/lmr/m/n/10.95 Transition dy-nam-ics, cau-tion
 []


Underfull \hbox (badness 5954) in paragraph at lines 6153--6153
[]|\T1/lmr/m/n/10.95 Transition-action re-search pro-
 []


Underfull \hbox (badness 1609) in paragraph at lines 6153--6153
[]|\T1/lmr/m/n/10.95 First co-her-ent constant-chain
 []


Underfull \hbox (badness 3229) in paragraph at lines 6153--6153
[]|\T1/lmr/m/n/10.95 Electron en-ergy as-signed to
 []


Overfull \hbox (38.31612pt too wide) in paragraph at lines 6153--6153
[]|\T1/lmtt/m/n/10.95 PROJ2026-KNOTPLOT-RR-001| 
 []


Underfull \hbox (badness 1014) in paragraph at lines 6153--6153
[]|\T1/lmr/m/n/10.95 Bound-mode ge-om-e-try cer-ti-fi-ca-
 []



[91]

[92]
Overfull \hbox (0.1334pt too wide) in paragraph at lines 6224--6225
[]\T1/lmr/bx/n/10.95 [CANON / MASS-FUNCTIONAL NOTE]\T1/lmr/m/n/10.95 : Ex-ist-i
ng mass-functionals that use $\OML/lmm/m/it/10.95 ^^Z[][][]$
 []



[93]

[94]

[95]

[96]
Overfull \hbox (8.74182pt too wide) in paragraph at lines 6402--6412
\T1/lmr/bx/n/10.95 v0.8.31 \T1/lmr/m/n/10.95 au-dits the compact-rotor rein-ter
-pre-ta-tion of the line-inertia sec-tor: it la-bels the Compton-
 []



[97]
Overfull \hbox (5.38487pt too wide) in paragraph at lines 6441--6442
\T1/lmr/bx/n/10.95 v0.8.24 \T1/lmr/m/n/10.95 cor-rects the core--torsion in-er-
tia tar-get to the Lorentz-consistent nor-mal-iza-tion $\OT1/lmss/m/n/10.95 M[]
 \OT1/lmr/m/n/10.95 =
 []



[98]

[99]
Overfull \hbox (3.0928pt too wide) in paragraph at lines 6486--6487
\T1/lmr/bx/n/10.95 v0.8.9 \T1/lmr/m/n/10.95 adds the tri-adic gravity-response 
corol-lary (Ÿ[][]11.17[][]) and research-track flame/caustic/shell
 []



[100]

[101]

[102]
Overfull \hbox (5.67386pt too wide) in paragraph at lines 6675--6678
 []\T1/lmr/bx/n/10.95 Writhe and he-lic-ity upper-bound guard.[] [OR-THO-DOX / 
NON-SHARP BOUNDS].
 []



[103]

[104]
Overfull \hbox (3.49747pt too wide) in paragraph at lines 6909--6912
 []\T1/lmr/bx/n/10.95 Transverse re-sponse, con-ven-tion, and finite-core guard
.[] \T1/lmr/m/n/10.95 De-fine the diameter-normalized
 []



[105]
Overfull \hbox (12.06863pt too wide) detected at line 7030
[]
 []


Overfull \hbox (28.47397pt too wide) in paragraph at lines 7037--7050
\T1/lmr/m/n/10.95 tion to ppm clo-sure. Full finite-cell scripts and au-dit de-
tails re-main in \T1/lmtt/m/n/10.95 finite_cell_obstruction.tex
 []



[106]

[107]

[108]

[109]

[110]

[111]

[112] (./SST_CANON-v0.8.35-research-track.tex

[113]

[114]
Overfull \hbox (152.77165pt too wide) in paragraph at lines 200--202
\T1/lmr/m/n/10.95 archived exact-closure CSV \T1/lmtt/m/n/10.95 SST-CANON/archi
ve/proofs/figures/SST_invariant_kernel_benchmarks_exact_closure.csv\T1/lmr/m/n/
10.95 .
 []



[115]

[116]
Overfull \hbox (22.00581pt too wide) in paragraph at lines 307--307
[]\T1/lmr/bx/n/14.4 Dark-sector and galac-tic can-on-iza-tion ex-e-cu-tion pack
-age (v0.8.x) 
 []



[117]

[118]
Overfull \hbox (1.06126pt too wide) in paragraph at lines 441--442
\T1/lmr/m/n/10.95 sure/swirl ana-log, HV-coil/thrust-inspired, op-ti-cal/torsio
nal cou-pling, and null dark-sector tests. 
 []


Underfull \hbox (badness 10000) in paragraph at lines 447--447
[]|\T1/lmr/m/n/10.95 Equation un-der
 []


Underfull \hbox (badness 10000) in paragraph at lines 447--447
[]|\T1/lmr/m/n/10.95 Null-result
 []


Underfull \hbox (badness 10000) in paragraph at lines 447--448
[]|\T1/lmr/m/n/10.95 Expected
 []


Underfull \hbox (badness 10000) in paragraph at lines 449--449
[]|\T1/lmr/m/n/10.95 Astrophysical
 []


Underfull \hbox (badness 10000) in paragraph at lines 449--449
[]|\T1/lmr/m/n/10.95 weakens
 []


Underfull \hbox (badness 10000) in paragraph at lines 449--449
\T1/lmr/m/n/10.95 pressure-law
 []


Underfull \hbox (badness 10000) in paragraph at lines 449--449
\T1/lmr/m/n/10.95 ap-pli-ca-bil-ity
 []


Underfull \hbox (badness 10000) in paragraph at lines 449--449
[]|\T1/lmr/m/n/10.95 baryonic-
 []


Overfull \hbox (2.00931pt too wide) in paragraph at lines 449--450
[]|\T1/lmr/m/n/10.95 reconstructed
 []


Underfull \hbox (badness 10000) in paragraph at lines 449--450
\OML/lmm/m/it/10.95 dp=dr$ \T1/lmr/m/n/10.95 con-
 []


Underfull \hbox (badness 5189) in paragraph at lines 449--450
\T1/lmr/m/n/10.95 sis-tent with
 []


Underfull \hbox (badness 1769) in paragraph at lines 450--450
[]|\T1/lmr/m/n/10.95 Euler ra-dial bal-
 []


Overfull \hbox (4.74724pt too wide) in paragraph at lines 450--450
[]|\T1/lmr/m/n/10.95 viscosity/edge
 []


Underfull \hbox (badness 10000) in paragraph at lines 450--451
[]|\T1/lmr/m/n/10.95 monotone
 []


Underfull \hbox (badness 10000) in paragraph at lines 450--451
\T1/lmr/m/n/10.95 with im-
 []


Underfull \hbox (badness 10000) in paragraph at lines 451--451
[]|\T1/lmr/m/n/10.95 HV-coil/thrust-
 []


Underfull \hbox (badness 10000) in paragraph at lines 451--451
[]|\T1/lmr/m/n/10.95 circulation-
 []


Underfull \hbox (badness 10000) in paragraph at lines 451--451
\T1/lmr/m/n/10.95 pressure bridge
 []


Underfull \hbox (badness 10000) in paragraph at lines 451--451
[]|\T1/lmr/m/n/10.95 kills
 []


Underfull \hbox (badness 10000) in paragraph at lines 451--451
\T1/lmr/m/n/10.95 quantized-
 []


Underfull \hbox (badness 10000) in paragraph at lines 451--451
[]|\T1/lmr/m/n/10.95 EM/thermal
 []


Underfull \hbox (badness 10000) in paragraph at lines 451--452
[]|\T1/lmr/m/n/10.95 response
 []


Overfull \hbox (5.39417pt too wide) in paragraph at lines 452--452
[]|\T1/lmr/m/n/10.95 Optical/torsional
 []


Underfull \hbox (badness 1430) in paragraph at lines 452--452
[]|\T1/lmr/m/n/10.95 swirl-clock bridge
 []


Underfull \hbox (badness 10000) in paragraph at lines 452--452
[]|\T1/lmr/m/n/10.95 weakens
 []


Underfull \hbox (badness 10000) in paragraph at lines 452--452
[]|\T1/lmr/m/n/10.95 detector
 []


Overfull \hbox (0.73106pt too wide) in paragraph at lines 452--453
[]|\T1/lmr/m/n/10.95 phase/timing
 []


Underfull \hbox (badness 10000) in paragraph at lines 452--453
\T1/lmr/m/n/10.95 shift with
 []


Underfull \hbox (badness 10000) in paragraph at lines 452--453
\T1/lmr/m/n/10.95 con-trolled
 []


Underfull \hbox (badness 10000) in paragraph at lines 453--453
[]|\T1/lmr/m/n/10.95 taxonomy con-
 []


Underfull \hbox (badness 10000) in paragraph at lines 453--453
[]|\T1/lmr/m/n/10.95 kills clas-si-fier
 []


Underfull \hbox (badness 10000) in paragraph at lines 453--453
[]|\T1/lmr/m/n/10.95 mislabelled
 []


Underfull \hbox (badness 10000) in paragraph at lines 453--453
\T1/lmr/m/n/10.95 topol-ogy
 []


Underfull \hbox (badness 10000) in paragraph at lines 453--454
[]|\T1/lmr/m/n/10.95 class score
 []


Underfull \hbox (badness 10000) in paragraph at lines 453--454
\T1/lmr/m/n/10.95 de-creases
 []


Underfull \hbox (badness 10000) in paragraph at lines 453--454
\T1/lmr/m/n/10.95 un-der con-
 []


Underfull \hbox (badness 10000) in paragraph at lines 453--454
\T1/lmr/m/n/10.95 tra-dic-tory
 []


LaTeX Warning: `h' float specifier changed to `ht'.



[119]

[120]

[121]

[122]

[123]

[124]

[125]

[126]

[127]

[128]

[129]

[130]
Overfull \hbox (26.6516pt too wide) detected at line 1496
[][][]\OMS/lmsy/m/n/10.95 P[]\OT1/lmr/m/n/10.95 (\OMS/lmsy/m/n/10.95 K[]\OT1/lm
r/m/n/10.95 ) = []
 []



[131]

[132]
Underfull \hbox (badness 10000) in paragraph at lines 1598--1598
[]|\T1/lmr/m/n/10 Phase-slip/reconnection
 []


Underfull \hbox (badness 10000) in paragraph at lines 1599--1599
[]|\T1/lmr/bx/n/10 [CANON-
 []


Underfull \hbox (badness 5077) in paragraph at lines 1599--1600
[]|\T1/lmr/m/n/10 Without re-con-nec-tion/source, Chronos--Kelvin
 []


Underfull \hbox (badness 10000) in paragraph at lines 1600--1600
[]|\T1/lmr/bx/n/10 [RESEARCH
 []


Overfull \hbox (7.0797pt too wide) in paragraph at lines 1601--1601
[]|\T1/lmr/bx/n/10 [SPECULATIVE]| 
 []



[133]

[134]

[135]

[136]
Overfull \hbox (3.12515pt too wide) in paragraph at lines 1967--1973
 []\T1/lmr/bx/n/10.95 Status.[] [OR-THO-DOX DIFFERENTIAL-TOPOLOGICAL IN-PUT / R
ESEARCH-
 []



[137]

[138]
Overfull \hbox (3.33865pt too wide) in paragraph at lines 2101--2103
 []\T1/lmr/bx/n/10.95 Status.[] [OR-THO-DOX OP-ER-A-TOR/SHAPE CAL-CU-LUS / RESE
ARCH-TRACK
 []



[139]

[140]
Overfull \hbox (23.24911pt too wide) in paragraph at lines 2270--2277
 []\T1/lmr/bx/n/10.95 Canon sta-tus.[] [OR-THO-DOX GE-O-MET-RIC BACK-GROUND / R
ESEARCH-TRACK
 []



[141]
Overfull \hbox (5.93542pt too wide) in paragraph at lines 2361--2371
 []\T1/lmr/bx/n/10.95 Status.[] [OR-THO-DOX IN-PUT / CANON SE-MAN-TIC GUARD / C
ON-DI-TIONAL
 []



[142]

[143]
Overfull \hbox (5.19565pt too wide) in paragraph at lines 2584--2588
 []\T1/lmr/bx/n/10.95 Status.[] [RESEARCH-TRACK / PARA-MET-RIC REWRITE]. \T1/lm
r/m/n/10.95 This sub-sec-tion records
 []



[144]
Overfull \hbox (25.16357pt too wide) in paragraph at lines 2730--2736
\T1/lmr/bx/n/10.95 IN-PUT GATE]. \T1/lmr/m/n/10.95 This sub-sec-tion iso-lates 
the nu-mer-i-cal im-pli-ca-tions of the Ridgerun-ner constrained-
 []



[145]

[146]
Overfull \hbox (134.21684pt too wide) detected at line 2892
[]
 []


Overfull \hbox (4.38782pt too wide) in paragraph at lines 2902--2910
 []\T1/lmr/bx/n/10.95 Status.[] [OR-THO-DOX OP-TI-MIZA-TION BACK-GROUND / RESEA
RCH-TRACK
 []



[147]

[148]

[149]
Overfull \hbox (62.79568pt too wide) detected at line 3144
[]
 []


Overfull \hbox (10.96092pt too wide) in paragraph at lines 3173--3178
\T1/lmr/bx/n/10.95 CA-TION]. \T1/lmr/m/n/10.95 This ap-pendix records the bound
ed-domain curl-spectrum con-se-quences of Cantarella,
 []



[150]
Overfull \hbox (0.63513pt too wide) in paragraph at lines 3284--3287
\T1/lmr/m/n/10.95 to each cross-sectional disk and with mag-ni-tude de-pend-ing
 only on dis-tance from the centerline---
 []



[151]

[152]
Overfull \hbox (7.75508pt too wide) in paragraph at lines 3443--3445
 []\T1/lmr/bx/n/10.95 Unequal com-po-nent ten-sions.[] \T1/lmr/m/n/10.95 For co
mponent-dependent ef-fec-tive ten-sions $\OML/lmm/m/it/10.95 T[]$\T1/lmr/m/n/10
.95 , the curvature-
 []



[153]

Package amsmath Warning: Foreign command \over;
(amsmath)                \frac or \genfrac should be used instead
(amsmath)                 on input line 3562.



[154]

[155]

[156]

[157]

[158]

[159]

[160]

[161]

[162]
Overfull \hbox (0.87578pt too wide) in paragraph at lines 4515--4520
[]\T1/lmr/m/n/10.95 Fukumoto's re-sult iden-ti-fies per-ma-nent trans-lat-ing v
ortex-jet-filament shapes with Kirchhoff-
 []



[163]

[164]

[165]

[166]

[167]

[168]

[169]

[170]

[171]
Overfull \hbox (30.95567pt too wide) detected at line 5575
[][][][] \OT1/lmr/m/n/10.95 [[]]\OML/lmm/m/it/10.95 :
 []



[172]

[173]

[174]
Overfull \hbox (35.15648pt too wide) detected at line 5841
[][][][] \OT1/lmr/m/n/10.95 [[]]\OML/lmm/m/it/10.95 :
 []



[175]
Overfull \hbox (14.79793pt too wide) in paragraph at lines 5928--5928
[]\T1/lmr/bx/n/12 Research Track: Quasi-nor-mal Swirl Spec-troscopy and Spectra
l-Robustness
 []



[176]

[177]

[178]

[179]

[180]
Overfull \hbox (2.54909pt too wide) in paragraph at lines 6441--6445
\T1/lmr/m/n/10.95 method and in-de-pen-dently ex-tract damped com-po-nents from
 small-amplitude time-domain
 []



[181]

[182]
Underfull \hbox (badness 10000) in paragraph at lines 6543--6543
[]|\T1/lmr/m/n/10.95 Resonance Se-lec-tion
 []


Underfull \hbox (badness 10000) in paragraph at lines 6544--6544
[]|\T1/lmr/m/n/10.95 [RESEARCH-
 []


Underfull \hbox (badness 10000) in paragraph at lines 6544--6544
\T1/lmr/m/n/10.95 TRACK] strong
 []


Underfull \hbox (badness 10000) in paragraph at lines 6547--6547
[]|\T1/lmr/m/n/10.95 Time-Domain Ker-nel
 []


Underfull \hbox (badness 10000) in paragraph at lines 6548--6548
[]|\T1/lmr/m/n/10.95 [RESEARCH-
 []


Underfull \hbox (badness 10000) in paragraph at lines 6548--6548
\T1/lmr/m/n/10.95 TRACK] strong
 []


Underfull \hbox (badness 3758) in paragraph at lines 6551--6551
[]|\T1/lmr/m/n/10.95 Swirl Impedance and
 []


Underfull \hbox (badness 10000) in paragraph at lines 6552--6552
[]|\T1/lmr/m/n/10.95 [RESEARCH-
 []


Underfull \hbox (badness 10000) in paragraph at lines 6552--6552
\T1/lmr/m/n/10.95 TRACK] with
 []


Underfull \hbox (badness 10000) in paragraph at lines 6556--6556
[]|\T1/lmr/m/n/10.95 [RESEARCH-
 []


Underfull \hbox (badness 10000) in paragraph at lines 6556--6556
\T1/lmr/m/n/10.95 TRACK] anal-ogy
 []


Underfull \hbox (badness 2799) in paragraph at lines 6557--6558
[]|\T1/lmr/m/n/10.95 Keep as metastable multi-mode re-
 []


Underfull \hbox (badness 1173) in paragraph at lines 6557--6558
\T1/lmr/m/n/10.95 sponse; re-ject di-rect delayed-neutron
 []


Underfull \hbox (badness 10000) in paragraph at lines 6559--6559
[]|\T1/lmr/m/n/10.95 Quasinormal Swirl
 []


Underfull \hbox (badness 10000) in paragraph at lines 6560--6560
[]|\T1/lmr/m/n/10.95 [RESEARCH-
 []


Underfull \hbox (badness 10000) in paragraph at lines 6560--6560
\T1/lmr/m/n/10.95 TRACK] cer-ti-fi-ca-
 []


Overfull \hbox (9.53584pt too wide) in paragraph at lines 6691--6691
[]\T1/lmr/bx/n/12 Research Track: Nested Vortex--Antivortex States as Entropy-M
inimizing
 []



[183]

[184]

[185]

[186]

[187]

[188]

[189]

[190]

[191]

[192]

[193]

[194]
Overfull \hbox (0.91661pt too wide) in paragraph at lines 7949--7953
\T1/lmr/m/n/10.95 where $\OT1/lmr/m/n/10.95 
[]$ \T1/lmr/m/n/10.95 counts ac-ces-si-ble con-fig-u-ra-tions at fixed en-ergy,
 cir-cu-la-tion, and he-lic-ity. A negative-
 []



[195]

[196]
Overfull \hbox (55.47939pt too wide) in paragraph at lines 8154--8167
 [] 
 []



[197]

[198]

[199]
Overfull \hbox (0.37325pt too wide) in paragraph at lines 8424--8427
\T1/lmr/m/n/10.95 with $\OT1/lmr/m/n/10.95 ^^F[]$ \T1/lmr/m/n/10.95 smooth and 
com-pactly sup-ported, or de-cay-ing suf-fi-ciently fast at in-fin-ity. The mon
opole
 []



[200]

[201]
Overfull \hbox (8.18681pt too wide) in paragraph at lines 8632--8639
[]\T1/lmr/bx/n/10.95 [FOUNDATIONAL STA-TUS] \T1/lmr/m/n/10.95 The equal-ity be-
tween the lo-cally mea-sured R-phase torsion-
 []



[202]

[203]
Overfull \hbox (6.0116pt too wide) in paragraph at lines 8782--8789
 []\T1/lmr/bx/n/10.95 Purpose and epis-temic sta-tus.[] [OR-THO-DOX FORM / BRID
GE / CON-DI-TIONAL
 []



[204]

[205]

[206]

[207]

[208]

[209]

[210]
Overfull \hbox (11.32355pt too wide) in paragraph at lines 9387--9389
 []\T1/lmr/bx/n/10.95 Route III: in-frared EFT uni-ver-sal-ity.[] \T1/lmr/m/n/1
0.95 If coarse-grained SST or-ga-nizes into a diffeomorphism-
 []


Overfull \hbox (2.02193pt too wide) in paragraph at lines 9424--9428
 []\T1/lmr/bx/n/10.95 Verbatim source record.[] [HIS-TOR-I-CAL ORI-GIN / PROVE-
NANCE FAL-SI-FIED].
 []



[211]
Overfull \hbox (9.31949pt too wide) in paragraph at lines 9542--9546
 []\T1/lmr/bx/n/10.95 Canon ad-ju-di-ca-tion.[] [DE-RIVED NEG-A-TIVE / OR-PHANE
D NOR-MAL-IZA-TION].
 []



[212]

[213]
Underfull \hbox (badness 6063) in paragraph at lines 9803--9803
[]|\T1/lmr/m/n/10.95 An ab-so-lute pres-sure, force,
 []


Underfull \hbox (badness 5924) in paragraph at lines 9803--9803
\T1/lmr/m/n/10.95 en-ergy, mass, or impedance
 []


Underfull \hbox (badness 5008) in paragraph at lines 9803--9803
[]|\T1/lmr/m/n/10.95 Historical unit er-ror, in-valid
 []



[214]
Overfull \hbox (29.19217pt too wide) in paragraph at lines 9855--9858
 []\T1/lmr/bx/n/10.95 Parameter-budget lemma.[] [DE-RIVED NEG-A-TIVE]. \T1/lmr/
m/n/10.95 The in-her-ited num-ber $\OT1/lmr/m/n/10.95 7\OML/lmm/m/it/10.95 :\OT
1/lmr/m/n/10.95 0 \OMS/lmsy/m/n/10.95 ^^B \OT1/lmr/m/n/10.95 10[] []$
 []



[215]

[216]
Overfull \hbox (7.0761pt too wide) in paragraph at lines 9984--9992
 []\T1/lmr/bx/n/10.95 Canonical con-clu-sion.[] \T1/lmr/m/n/10.95 Equa-tion [] 
is a \T1/lmr/bx/n/10.95 [LEGACY NU-MER-I-CAL CO-IN-CI-DENCE
 []


Overfull \hbox (0.53378pt too wide) in paragraph at lines 9984--9992
\T1/lmr/m/n/10.95 resolution nor-mal-iza-tion, separatrix-radius pro-jec-tion, 
and epoch in-vari-ance. Nei-ther the smaller
 []



[217]

[218]

[219]

[220]

[221]

[222]

[223]
Overfull \hbox (24.08987pt too wide) in paragraph at lines 10672--10674
\T1/lmr/bx/n/10.95 [ORTHODOX IN-PUT / DE-RIVED KINE-MATIC IDEN-TITY / RE-SEARCH
 MATCH-
 []



[224]

[225]

[226]

[227]

[228]

[229]

[230]

[231]

[232]

[233]

[234]
Overfull \hbox (6.63371pt too wide) in paragraph at lines 11705--11707
 []\T1/lmr/bx/n/10.95 Calibrated map-ping as a sep-a-rate mode.[] [CAL-I-BRATED
 CON-SIS-TENCY MODE].
 []



[235]

[236]

[237]

[238]
Overfull \hbox (12.76387pt too wide) in paragraph at lines 12019--12023
 []\T1/lmr/bx/n/10.95 Status la-bels.[] \T1/lmr/m/n/10.95 The cor-re-spon-dence
 pro-posed in this sec-tion is \T1/lmr/bx/n/10.95 [SPEC-U-LA-TIVE] \T1/lmr/m/n/
10.95 and \T1/lmr/bx/n/10.95 [PEND-
 []


Overfull \hbox (19.1292pt too wide) in paragraph at lines 12064--12067
\T1/lmr/m/n/10.95 bridge pro-ceeds through phase, flux, and flux-piercing vari-
ables, in-clud-ing the ef-fec-tive Faraday/flux-
 []



[239]

[240]

[241]

[242]

[243]

[244]

[245]

[246])

[247]

[248]

[249]
Underfull \hbox (badness 3713) in paragraph at lines 7683--7689
[]\T1/lmr/m/n/10.95 S. Autti, V. V. Dmitriev, J. T. Mäki-nen, A. A. Solda-tov, 
G. E. Volovik,
 []



[250]
Underfull \hbox (badness 7944) in paragraph at lines 7717--7721
[]\T1/lmr/m/n/10.95 A. Ein-stein,  Die Feld-gle-ichun-gen der Grav-i-ta-tion,  
Sitzungs-berichte der
 []



[251]

[252]

[253]

[254] (./SST_CANON-v0.8.35.aux)
 ***********
LaTeX2e <2024-11-01> patch level 2
L3 programming layer <2025-01-18>
 ***********
Package rerunfilecheck Info: File `SST_CANON-v0.8.35.out' has not changed.
(rerunfilecheck)             Checksum: 4113A6946E67D4C5D987870502848EBA;8282.
 ) 
Here is how much of TeX's memory you used:
 32069 strings out of 473197
 638145 string characters out of 5718606
 996565 words of memory out of 5000000
 52016 multiletter control sequences out of 15000+600000
 714893 words of font info for 174 fonts, out of 8000000 for 9000
 1141 hyphenation exceptions out of 8191
 84i,18n,93p,2212b,1170s stack positions out of 10000i,1000n,20000p,200000b,200000s
</usr/share/texlive/texmf-dist/fonts/type1/public/amsfonts/cm/cmbx10.pfb></us
r/share/texlive/texmf-dist/fonts/type1/public/amsfonts/cm/cmbx8.pfb></usr/share
/texlive/texmf-dist/fonts/type1/public/amsfonts/cm/cmmib10.pfb></usr/share/texl
ive/texmf-dist/fonts/type1/public/amsfonts/cmextra/cmmib8.pfb></usr/share/texli
ve/texmf-dist/fonts/type1/public/amsfonts/euler/eufm10.pfb></usr/share/texmf/fo
nts/type1/public/lm/lmbsy10.pfb></usr/share/texmf/fonts/type1/public/lm/lmbx10.
pfb></usr/share/texmf/fonts/type1/public/lm/lmbx12.pfb></usr/share/texmf/fonts/
type1/public/lm/lmbx6.pfb></usr/share/texmf/fonts/type1/public/lm/lmbx8.pfb></u
sr/share/texmf/fonts/type1/public/lm/lmex10.pfb></usr/share/texmf/fonts/type1/p
ublic/lm/lmmi10.pfb></usr/share/texmf/fonts/type1/public/lm/lmmi12.pfb></usr/sh
are/texmf/fonts/type1/public/lm/lmmi6.pfb></usr/share/texmf/fonts/type1/public/
lm/lmmi7.pfb></usr/share/texmf/fonts/type1/public/lm/lmmi8.pfb></usr/share/texm
f/fonts/type1/public/lm/lmr10.pfb></usr/share/texmf/fonts/type1/public/lm/lmr12
.pfb></usr/share/texmf/fonts/type1/public/lm/lmr6.pfb></usr/share/texmf/fonts/t
ype1/public/lm/lmr7.pfb></usr/share/texmf/fonts/type1/public/lm/lmr8.pfb></usr/
share/texmf/fonts/type1/public/lm/lmr9.pfb></usr/share/texmf/fonts/type1/public
/lm/lmri10.pfb></usr/share/texmf/fonts/type1/public/lm/lmri8.pfb></usr/share/te
xmf/fonts/type1/public/lm/lmss10.pfb></usr/share/texmf/fonts/type1/public/lm/lm
ss8.pfb></usr/share/texmf/fonts/type1/public/lm/lmsy10.pfb></usr/share/texmf/fo
nts/type1/public/lm/lmsy6.pfb></usr/share/texmf/fonts/type1/public/lm/lmsy8.pfb
></usr/share/texmf/fonts/type1/public/lm/lmtk10.pfb></usr/share/texmf/fonts/typ
e1/public/lm/lmtt10.pfb></usr/share/texmf/fonts/type1/public/lm/lmtt9.pfb></usr
/share/texlive/texmf-dist/fonts/type1/public/amsfonts/symbols/msam10.pfb></usr/
share/texlive/texmf-dist/fonts/type1/public/amsfonts/symbols/msam7.pfb></usr/sh
are/texlive/texmf-dist/fonts/type1/public/amsfonts/symbols/msbm10.pfb></usr/sha
re/texlive/texmf-dist/fonts/type1/public/rsfs/rsfs10.pfb>
Output written on SST_CANON-v0.8.35.pdf (254 pages, 1548673 bytes).
PDF statistics:
 5403 PDF objects out of 6186 (max. 8388607)
 5018 compressed objects within 51 object streams
 2767 named destinations out of 2984 (max. 500000)
 285 words of extra memory for PDF output out of 10000 (max. 10000000)

